
[stderr]
   Building prime-rl @ file:///opt/prime-rl
   Building prime-pydantic-config @ file:///opt/prime-rl/deps/pydantic-config
   Building prime-rl-configs @ file:///opt/prime-rl/packages/prime-rl-configs
      Built prime-rl-configs @ file:///opt/prime-rl/packages/prime-rl-configs
      Built prime-rl @ file:///opt/prime-rl
      Built prime-pydantic-config @ file:///opt/prime-rl/deps/pydantic-config
Uninstalled 3 packages in 1ms
Installed 3 packages in 2ms
Traceback (most recent call last):
  File "/opt/task2_scripts/run_harbor_e2b.py", line 193, in <module>
    main()
  File "/opt/task2_scripts/run_harbor_e2b.py", line 184, in main
    result = asyncio.run(execute(args))
             ^^^^^^^^^^^^^^^^^^^^^^^^^^
  File "/usr/local/lib/python3.12/asyncio/runners.py", line 194, in run
    return runner.run(main)
           ^^^^^^^^^^^^^^^^
  File "/usr/local/lib/python3.12/asyncio/runners.py", line 118, in run
    return self._loop.run_until_complete(task)
           ^^^^^^^^^^^^^^^^^^^^^^^^^^^^^^^^^^^
  File "/usr/local/lib/python3.12/asyncio/base_events.py", line 684, in run_until_complete
    return future.result()
           ^^^^^^^^^^^^^^^
  File "/opt/task2_scripts/run_harbor_e2b.py", line 85, in execute
    command = extract_command(answer)
              ^^^^^^^^^^^^^^^^^^^^^^^
  File "/opt/task2_scripts/run_harbor_e2b.py", line 45, in extract_command
    raise ValueError("model response did not contain <command> or a shell code fence")
ValueError: model response did not contain <command> or a shell code fence
